<?xml version="1.0" encoding="UTF-8"?>
<program language="SOL25">
    <class name="Main" parent="Object">
        <method selector="run">
            <block arity="0">
                <assign order="1">
                    <var name="x"/>
                    <expr>
                        <send selector ="new">
                            <expr>
                                <literal class="class" value="Integer"/>
                            </expr>
                        </send>
                    </expr>
                </assign>
            </block>
        </method>
    </class>
</program>