<?xml version="1.0" encoding="UTF-8"?>
<program language="SOL25">
    <class name="Main" parent="Object">
        <method selector="run">
            <block arity="0">
                <assign order="1">
                    <var name="x" />
                    <expr>
                        <literal class="Integer" value="10" />
                    </expr>
                </assign>
            </block>
        </method>
    </class>
</program>