<?xml version="1.0" encoding="UTF-8"?>
<program language="SOL25" description="comment">
    <class name="Main" parent="Object">
        <method selector="run">
            <block arity="0" />
        </method>
    </class>
</program>